// Jest Snapshot v1, https://goo.gl/fbAQLP

exports[`<LeagueTile /> should render correctly 1`] = `
<View
  accessibilityComponentType={undefined}
  accessibilityLabel={undefined}
  accessibilityTraits={undefined}
  accessible={true}
  hitSlop={undefined}
  isTVSelectable={true}
  onLayout={undefined}
  onResponderGrant={[Function]}
  onResponderMove={[Function]}
  onResponderRelease={[Function]}
  onResponderTerminate={[Function]}
  onResponderTerminationRequest={[Function]}
  onStartShouldSetResponder={[Function]}
  style={
    Object {
      "alignItems": "center",
      "backgroundColor": "transparent",
      "borderBottomColor": "#000000",
      "borderBottomWidth": 0.5,
      "flexBasis": 0,
      "flexGrow": 1,
      "flexShrink": 1,
      "justifyContent": "center",
      "opacity": 1,
      "width": 750,
    }
  }
  testID={undefined}
  tvParallaxProperties={undefined}
>
  <Text
    accessible={true}
    allowFontScaling={true}
    ellipsizeMode="tail"
    style={
      Array [
        Object {
          "fontSize": 18,
        },
        undefined,
      ]
    }
  >
    League
  </Text>
  <Text
    accessible={true}
    allowFontScaling={true}
    ellipsizeMode="tail"
    style={
      Array [
        Object {
          "fontSize": 12,
        },
        undefined,
      ]
    }
  >
    Poland
  </Text>
</View>
`;
