// Jest Snapshot v1, https://goo.gl/fbAQLP

exports[`<TeamTile /> should render correctly 1`] = `
<Text
  accessible={true}
  allowFontScaling={true}
  ellipsizeMode="tail"
  style={
    Array [
      Object {
        "backgroundColor": "#E6E6FA",
        "fontSize": 16,
        "paddingLeft": 10,
        "paddingVertical": 20,
        "width": 750,
      },
      undefined,
    ]
  }
>
  Test
</Text>
`;
